STARTING 
2026-02-23 23:42:24.26 
23:42:24.347 [INFO] MPS_DAWN starting...
23:42:24.371 [INFO] Window created: 1280x720
23:42:24.372 [INFO] WGPUInstance created
23:42:24.372 [INFO] WebGPU surface created successfully
23:42:24.762 [INFO] GPU initialized: D3D12 driver version 32.0.15.6094
23:42:24.762 [INFO] Backend: D3D12
23:42:24.768 [INFO] SurfaceManager initialized: 1280x720 vsync=on
23:42:24.769 [INFO] GPUBuffer created: camera_uniform (304 bytes)
23:42:24.769 [INFO] GPUBuffer created: light_uniform (64 bytes)
23:42:24.770 [INFO] GPUTexture created: render_target (1280x720)
23:42:24.770 [INFO] RenderEngine initialized (1280x720)
23:42:24.770 [INFO] Registering extension: ext_dynamics
23:42:24.770 [INFO] Registering extension: ext_mesh
23:42:24.770 [INFO] Simulator added: MeshPostProcessor
23:42:24.770 [INFO] Renderer added: MeshRenderer
23:42:24.770 [INFO] Registering extension: ext_newton
23:42:24.770 [INFO] Term provider registered: SpringTermProvider
23:42:24.770 [INFO] Term provider registered: AreaTermProvider
23:42:24.770 [INFO] Simulator added: NewtonSystemSimulator
23:42:24.770 [INFO] Registering extension: ext_pd_term
23:42:24.770 [INFO] PD term provider registered: PDSpringTermProvider
23:42:24.770 [INFO] PD term provider registered: PDAreaTermProvider
23:42:24.770 [INFO] Registering extension: ext_chebyshev_pd
23:42:24.770 [INFO] Simulator added: ChebyshevPDSystemSimulator
23:42:24.770 [INFO] Registering extension: ext_admm_pd
23:42:24.770 [INFO] Simulator added: ADMMSystemSimulator
23:42:24.770 [INFO] Registering extension: ext_jgs2
23:42:24.770 [INFO] Simulator added: JGS2SystemSimulator
23:42:24.774 [INFO] GPUBuffer created: physics_params (32 bytes)
23:42:24.775 [INFO] GPUBuffer created: sim_position (69632 bytes)
23:42:24.775 [INFO] GPUBuffer created: sim_velocity (69632 bytes)
23:42:24.775 [INFO] GPUBuffer created: sim_mass (34816 bytes)
23:42:24.776 [INFO] GPUBuffer created: spring_edges (8460 bytes)
23:42:24.776 [INFO] GPUBuffer created: area_triangles (254016 bytes)
23:42:24.776 [INFO] GPUBuffer created: mesh_faces (134208 bytes)
23:42:24.776 [INFO] GPUBuffer created: fixed_vertices (24 bytes)
23:42:24.776 [INFO] Initializing simulator: MeshPostProcessor
23:42:24.777 [INFO] GPUBuffer created: normals_atomic (69632 bytes)
23:42:24.777 [INFO] GPUBuffer created: normals (69632 bytes)
23:42:24.777 [INFO] GPUBuffer created: normal_params (16 bytes)
23:42:24.787 [INFO] GPUShader created: clear_normals
23:42:24.804 [INFO] GPUShader created: scatter_normals
23:42:24.826 [INFO] GPUShader created: normalize_normals
23:42:24.833 [INFO] NormalComputer: initialized (4352 nodes, 8388 faces)
23:42:24.834 [INFO] GPUBuffer created: mesh_face_idx (100656 bytes)
23:42:24.834 [INFO] MeshPostProcessor: initialized (4352 nodes, 8388 faces)
23:42:24.834 [INFO] Initializing simulator: NewtonSystemSimulator
23:42:24.837 [INFO] NewtonSystemSimulator: added term 'AreaTerm' (edges=0, faces=7938)
23:42:24.883 [INFO] GPUBuffer created: solver_params (32 bytes)
23:42:24.883 [INFO] GPUBuffer created: csr_row_ptr (16388 bytes)
23:42:24.883 [INFO] GPUBuffer created: csr_col_idx (96264 bytes)
23:42:24.883 [INFO] GPUBuffer created: csr_values (866376 bytes)
23:42:24.883 [INFO] GPUBuffer created: diag_values (147456 bytes)
23:42:24.883 [INFO] GPUBuffer created: forces (65536 bytes)
23:42:24.883 [INFO] GPUBuffer created: x_old (65536 bytes)
23:42:24.883 [INFO] GPUBuffer created: dv_total (65536 bytes)
23:42:24.889 [INFO] GPUShader created: newton_init
23:42:24.906 [INFO] GPUShader created: newton_predict_pos
23:42:24.919 [INFO] GPUShader created: newton_accumulate_dv
23:42:24.930 [INFO] GPUShader created: clear_forces
23:42:24.944 [INFO] GPUShader created: assemble_rhs
23:42:24.966 [INFO] GPUShader created: cg_spmv
23:42:24.989 [INFO] GPUShader created: inertia_assemble
23:42:25.006 [INFO] GPUShader created: accumulate_gravity
23:42:25.031 [INFO] GPUBuffer created: cg_x (65536 bytes)
23:42:25.031 [INFO] GPUBuffer created: cg_r (65536 bytes)
23:42:25.031 [INFO] GPUBuffer created: cg_p (65536 bytes)
23:42:25.031 [INFO] GPUBuffer created: cg_ap (65536 bytes)
23:42:25.031 [INFO] GPUBuffer created: cg_z (65536 bytes)
23:42:25.031 [INFO] GPUBuffer created: cg_partials (256 bytes)
23:42:25.031 [INFO] GPUBuffer created: cg_scalars (32 bytes)
23:42:25.031 [INFO] GPUBuffer created: dc_rr (16 bytes)
23:42:25.031 [INFO] GPUBuffer created: dc_pap (16 bytes)
23:42:25.032 [INFO] GPUBuffer created: dc_rr_new (16 bytes)
23:42:25.032 [INFO] GPUBuffer created: cg_mode_alpha (16 bytes)
23:42:25.032 [INFO] GPUBuffer created: cg_mode_beta (16 bytes)
23:42:25.039 [INFO] GPUShader created: cg_init
23:42:25.053 [INFO] GPUShader created: cg_dot
23:42:25.077 [INFO] GPUShader created: cg_dot_final
23:42:25.103 [INFO] GPUShader created: cg_compute_scalars
23:42:25.116 [INFO] GPUShader created: cg_update_xr
23:42:25.131 [INFO] GPUShader created: cg_update_p
23:42:25.145 [INFO] GPUShader created: cg_precond
23:42:25.154 [INFO] CGSolver: initialized (4096 nodes)
23:42:25.190 [INFO] GPUBuffer created: area_triangles (254016 bytes)
23:42:25.191 [INFO] GPUBuffer created: area_face_csr (190512 bytes)
23:42:25.191 [INFO] GPUBuffer created: area_params (16 bytes)
23:42:25.239 [INFO] GPUShader created: accumulate_area
23:42:26.607 [INFO] AreaTerm: initialized (7938 triangles, nnz=24066, stretch=500000, shear=500000)
23:42:26.608 [INFO] CGSolver: bind groups cached
23:42:26.608 [INFO] NewtonDynamics: initialized (4096 nodes, 0 edges, nnz=24066, 1 terms)
23:42:26.616 [INFO] GPUShader created: newton_update_velocity
23:42:26.631 [INFO] GPUShader created: newton_update_position
23:42:26.638 [INFO] NewtonSystemSimulator: initialized (4096 nodes, 0 edges, solver ready)
23:42:26.638 [INFO] Initializing simulator: ChebyshevPDSystemSimulator
23:42:26.638 [INFO] ChebyshevPDSystemSimulator: no ChebyshevPDSystemConfig entities found, skipping
23:42:26.638 [INFO] Initializing simulator: ADMMSystemSimulator
23:42:26.638 [INFO] ADMMSystemSimulator: no ADMMSystemConfig entities found, skipping
23:42:26.638 [INFO] Initializing simulator: JGS2SystemSimulator
23:42:26.639 [INFO] JGS2SystemSimulator: added spring term (705 edges, k=500000)
23:42:26.639 [INFO] GPUBuffer created: jgs2_solver_params (32 bytes)
23:42:26.639 [INFO] GPUBuffer created: jgs2_x_old (4096 bytes)
23:42:26.639 [INFO] GPUBuffer created: jgs2_s (4096 bytes)
23:42:26.639 [INFO] GPUBuffer created: jgs2_q (4096 bytes)
23:42:26.639 [INFO] GPUBuffer created: jgs2_gradient (4096 bytes)
23:42:26.639 [INFO] GPUBuffer created: jgs2_hessian_diag (9216 bytes)
23:42:26.639 [INFO] GPUBuffer created: jgs2_correction (9216 bytes)
23:42:26.644 [INFO] GPUShader created: jgs2_init
23:42:26.657 [INFO] GPUShader created: jgs2_predict
23:42:26.671 [INFO] GPUShader created: jgs2_copy
23:42:26.687 [INFO] GPUShader created: jgs2_accum_inertia
23:42:26.715 [INFO] GPUShader created: jgs2_local_solve
23:42:26.750 [INFO] GPUBuffer created: jgs2_spring_edges (8460 bytes)
23:42:26.750 [INFO] GPUBuffer created: jgs2_spring_params (16 bytes)
23:42:26.763 [INFO] GPUShader created: jgs2_accum_spring
23:42:26.824 [INFO] JGS2SpringTerm: initialized (705 edges, k=500000)
23:42:26.824 [INFO] JGS2Dynamics: initialized (256 nodes, 705 edges, 1 terms, 10 iterations, correction=on)
23:42:26.824 [INFO] SchurCorrection: computing for 256 nodes, 705 edges (768x768 eigendecomposition)
23:42:26.824 [INFO] SchurCorrection: 1 pinned nodes detected
23:42:30.508 [INFO] SchurCorrection: eigenvalues [1, 2.45557e+06], condition = 2.45557e+06, negative = 0, tiny(<1e-10) = 0
23:42:30.514 [INFO] SchurCorrection: computed (max ||Δ|| = 0)
23:42:30.515 [INFO] JGS2Dynamics: correction uploaded (256 vertices)
23:42:30.532 [INFO] GPUShader created: jgs2_update_velocity
23:42:30.556 [INFO] GPUShader created: jgs2_update_position
23:42:30.562 [INFO] JGS2SystemSimulator: initialized (256 nodes)
23:42:30.562 [INFO] Initializing renderer: MeshRenderer
23:42:30.569 [INFO] GPUShader created: mesh_vert
23:42:30.580 [INFO] GPUShader created: mesh_frag
23:42:30.606 [INFO] MeshRenderer: pipeline created
23:42:30.607 [INFO] Extensions initialized (5 simulators, 1 renderers)
23:42:30.607 [INFO] Entering main loop... (simulation paused, press Space to start)
23:42:36.237 [INFO] Simulation running
23:42:36.527 [INFO] [Profile] NewtonSystemSimulator::Update: 257.751 ms
23:42:36.532 [INFO] [Profile] JGS2SystemSimulator::Update: 5.5057 ms
23:42:36.772 [INFO] [Profile] NewtonSystemSimulator::Update: 237.021 ms
23:42:36.776 [INFO] [Profile] JGS2SystemSimulator::Update: 3.9096 ms
23:42:37.010 [INFO] [Profile] NewtonSystemSimulator::Update: 232.617 ms
23:42:37.014 [INFO] [Profile] JGS2SystemSimulator::Update: 3.75 ms
23:42:37.248 [INFO] [Profile] NewtonSystemSimulator::Update: 231.558 ms
23:42:37.251 [INFO] [Profile] JGS2SystemSimulator::Update: 3.3046 ms
23:42:37.485 [INFO] [Profile] NewtonSystemSimulator::Update: 232.156 ms
23:42:37.490 [INFO] [Profile] JGS2SystemSimulator::Update: 4.2518 ms
23:42:37.734 [INFO] [Profile] NewtonSystemSimulator::Update: 241.871 ms
23:42:37.739 [INFO] [Profile] JGS2SystemSimulator::Update: 4.9969 ms
23:42:37.979 [INFO] [Profile] NewtonSystemSimulator::Update: 230.91 ms
23:42:37.982 [INFO] [Profile] JGS2SystemSimulator::Update: 3.3686 ms
23:42:38.220 [INFO] [Profile] NewtonSystemSimulator::Update: 236.393 ms
23:42:38.225 [INFO] [Profile] JGS2SystemSimulator::Update: 4.0004 ms
23:42:38.452 [INFO] [Profile] NewtonSystemSimulator::Update: 224.665 ms
23:42:38.456 [INFO] [Profile] JGS2SystemSimulator::Update: 3.9051 ms
23:42:38.683 [INFO] [Profile] NewtonSystemSimulator::Update: 224.658 ms
23:42:38.687 [INFO] [Profile] JGS2SystemSimulator::Update: 3.7356 ms
23:42:38.929 [INFO] [Profile] NewtonSystemSimulator::Update: 238.875 ms
23:42:38.933 [INFO] [Profile] JGS2SystemSimulator::Update: 3.8501 ms
23:42:39.169 [INFO] [Profile] NewtonSystemSimulator::Update: 234.872 ms
23:42:39.173 [INFO] [Profile] JGS2SystemSimulator::Update: 3.6921 ms
23:42:39.408 [INFO] [Profile] NewtonSystemSimulator::Update: 232.616 ms
23:42:39.412 [INFO] [Profile] JGS2SystemSimulator::Update: 4.1617 ms
23:42:39.655 [INFO] [Profile] NewtonSystemSimulator::Update: 239.977 ms
23:42:39.659 [INFO] [Profile] JGS2SystemSimulator::Update: 3.7768 ms
23:42:39.878 [INFO] [Profile] NewtonSystemSimulator::Update: 217.076 ms
23:42:39.882 [INFO] [Profile] JGS2SystemSimulator::Update: 3.6857 ms
23:42:40.093 [INFO] [Profile] NewtonSystemSimulator::Update: 209.355 ms
23:42:40.097 [INFO] [Profile] JGS2SystemSimulator::Update: 3.7035 ms
23:42:40.331 [INFO] [Profile] NewtonSystemSimulator::Update: 232.498 ms
23:42:40.335 [INFO] [Profile] JGS2SystemSimulator::Update: 3.8396 ms
23:42:40.567 [INFO] [Profile] NewtonSystemSimulator::Update: 229.375 ms
23:42:40.571 [INFO] [Profile] JGS2SystemSimulator::Update: 4.2576 ms
23:42:40.812 [INFO] [Profile] NewtonSystemSimulator::Update: 237.862 ms
23:42:40.819 [INFO] [Profile] JGS2SystemSimulator::Update: 7.0258 ms
23:42:41.041 [INFO] [Profile] NewtonSystemSimulator::Update: 219.791 ms
23:42:41.045 [INFO] [Profile] JGS2SystemSimulator::Update: 3.7927 ms
23:42:41.279 [INFO] [Profile] NewtonSystemSimulator::Update: 231.701 ms
23:42:41.283 [INFO] [Profile] JGS2SystemSimulator::Update: 3.8021 ms
23:42:41.522 [INFO] [Profile] NewtonSystemSimulator::Update: 236.584 ms
23:42:41.525 [INFO] [Profile] JGS2SystemSimulator::Update: 3.7549 ms
23:42:41.759 [INFO] [Profile] NewtonSystemSimulator::Update: 231.819 ms
23:42:41.763 [INFO] [Profile] JGS2SystemSimulator::Update: 3.7616 ms
23:42:41.994 [INFO] [Profile] NewtonSystemSimulator::Update: 228.08 ms
23:42:41.998 [INFO] [Profile] JGS2SystemSimulator::Update: 3.6297 ms
23:42:42.232 [INFO] [Profile] NewtonSystemSimulator::Update: 232.515 ms
23:42:42.236 [INFO] [Profile] JGS2SystemSimulator::Update: 3.7043 ms
23:42:42.467 [INFO] [Profile] NewtonSystemSimulator::Update: 228.86 ms
23:42:42.471 [INFO] [Profile] JGS2SystemSimulator::Update: 3.4292 ms
23:42:42.693 [INFO] [Profile] NewtonSystemSimulator::Update: 220.642 ms
23:42:42.697 [INFO] [Profile] JGS2SystemSimulator::Update: 3.6039 ms
23:42:42.936 [INFO] [Profile] NewtonSystemSimulator::Update: 236.972 ms
23:42:42.940 [INFO] [Profile] JGS2SystemSimulator::Update: 4.0183 ms
23:42:43.179 [INFO] [Profile] NewtonSystemSimulator::Update: 236.558 ms
23:42:43.182 [INFO] [Profile] JGS2SystemSimulator::Update: 3.7238 ms
23:42:43.417 [INFO] [Profile] NewtonSystemSimulator::Update: 232.833 ms
23:42:43.421 [INFO] [Profile] JGS2SystemSimulator::Update: 3.9951 ms
23:42:43.656 [INFO] [Profile] NewtonSystemSimulator::Update: 233.071 ms
23:42:43.660 [INFO] [Profile] JGS2SystemSimulator::Update: 3.8392 ms
23:42:43.904 [INFO] [Profile] NewtonSystemSimulator::Update: 240.958 ms
23:42:43.907 [INFO] [Profile] JGS2SystemSimulator::Update: 3.8043 ms
23:42:44.158 [INFO] [Profile] NewtonSystemSimulator::Update: 247.763 ms
23:42:44.161 [INFO] [Profile] JGS2SystemSimulator::Update: 3.7812 ms
23:42:44.399 [INFO] [Profile] NewtonSystemSimulator::Update: 235.395 ms
23:42:44.403 [INFO] [Profile] JGS2SystemSimulator::Update: 3.7348 ms
23:42:44.648 [INFO] [Profile] NewtonSystemSimulator::Update: 242.847 ms
23:42:44.652 [INFO] [Profile] JGS2SystemSimulator::Update: 3.8363 ms
23:42:44.893 [INFO] [Profile] NewtonSystemSimulator::Update: 238.905 ms
23:42:44.897 [INFO] [Profile] JGS2SystemSimulator::Update: 3.8998 ms
23:42:45.150 [INFO] [Profile] NewtonSystemSimulator::Update: 250.854 ms
23:42:45.156 [INFO] [Profile] JGS2SystemSimulator::Update: 6.436 ms
23:42:45.391 [INFO] [Profile] NewtonSystemSimulator::Update: 231.104 ms
23:42:45.395 [INFO] [Profile] JGS2SystemSimulator::Update: 3.8375 ms
23:42:45.633 [INFO] [Profile] NewtonSystemSimulator::Update: 235.427 ms
23:42:45.637 [INFO] [Profile] JGS2SystemSimulator::Update: 3.7488 ms
23:42:45.875 [INFO] [Profile] NewtonSystemSimulator::Update: 236.263 ms
23:42:45.879 [INFO] [Profile] JGS2SystemSimulator::Update: 3.7664 ms
23:42:46.117 [INFO] [Profile] NewtonSystemSimulator::Update: 235.821 ms
23:42:46.121 [INFO] [Profile] JGS2SystemSimulator::Update: 4.6251 ms
23:42:46.357 [INFO] [Profile] NewtonSystemSimulator::Update: 233.106 ms
23:42:46.360 [INFO] [Profile] JGS2SystemSimulator::Update: 3.6535 ms
23:42:46.599 [INFO] [Profile] NewtonSystemSimulator::Update: 236.138 ms
23:42:46.603 [INFO] [Profile] JGS2SystemSimulator::Update: 3.9165 ms
23:42:46.837 [INFO] [Profile] NewtonSystemSimulator::Update: 232.662 ms
23:42:46.841 [INFO] [Profile] JGS2SystemSimulator::Update: 3.7145 ms
23:42:47.078 [INFO] [Profile] NewtonSystemSimulator::Update: 234.496 ms
23:42:47.082 [INFO] [Profile] JGS2SystemSimulator::Update: 3.8111 ms
23:42:47.314 [INFO] [Profile] NewtonSystemSimulator::Update: 230.325 ms
23:42:47.318 [INFO] [Profile] JGS2SystemSimulator::Update: 3.6797 ms
23:42:47.549 [INFO] [Profile] NewtonSystemSimulator::Update: 229.304 ms
23:42:47.553 [INFO] [Profile] JGS2SystemSimulator::Update: 3.8069 ms
23:42:47.787 [INFO] [Profile] NewtonSystemSimulator::Update: 230.489 ms
23:42:47.790 [INFO] [Profile] JGS2SystemSimulator::Update: 3.6628 ms
23:42:47.792 [INFO] MeshRenderer: shutdown
23:42:47.792 [INFO] JGS2SpringTerm: shutdown
23:42:47.792 [INFO] JGS2Dynamics: shutdown
23:42:47.792 [INFO] JGS2SystemSimulator: shutdown
23:42:47.792 [INFO] ADMMSystemSimulator: shutdown
23:42:47.792 [INFO] ChebyshevPDSystemSimulator: shutdown
23:42:47.792 [INFO] AreaTerm: shutdown
23:42:47.793 [INFO] CGSolver: shutdown
23:42:47.799 [INFO] NewtonDynamics: shutdown
23:42:47.799 [INFO] NewtonSystemSimulator: shutdown
23:42:47.799 [INFO] NormalComputer: shutdown
23:42:47.799 [INFO] MeshPostProcessor: shutdown
23:42:47.799 [INFO] SurfaceManager shutdown
23:42:47.799 [INFO] RenderEngine shutdown
23:42:47.815 [INFO] MPS_DAWN finished.
